app/_components/RegisterComplaint.tsx(124,9): error TS17004: Cannot use JSX unless the '--jsx' flag is provided.
app/_components/RegisterComplaint.tsx(125,13): error TS17004: Cannot use JSX unless the '--jsx' flag is provided.
app/_components/RegisterComplaint.tsx(126,17): error TS17004: Cannot use JSX unless the '--jsx' flag is provided.
app/_components/RegisterComplaint.tsx(127,21): error TS17004: Cannot use JSX unless the '--jsx' flag is provided.
app/_components/RegisterComplaint.tsx(128,25): error TS17004: Cannot use JSX unless the '--jsx' flag is provided.
app/_components/RegisterComplaint.tsx(130,21): error TS17004: Cannot use JSX unless the '--jsx' flag is provided.
app/_components/RegisterComplaint.tsx(131,25): error TS17004: Cannot use JSX unless the '--jsx' flag is provided.
app/_components/RegisterComplaint.tsx(134,25): error TS17004: Cannot use JSX unless the '--jsx' flag is provided.
app/_components/RegisterComplaint.tsx(141,13): error TS17004: Cannot use JSX unless the '--jsx' flag is provided.
app/_components/RegisterComplaint.tsx(142,17): error TS17004: Cannot use JSX unless the '--jsx' flag is provided.
app/_components/RegisterComplaint.tsx(145,25): error TS17004: Cannot use JSX unless the '--jsx' flag is provided.
app/_components/RegisterComplaint.tsx(146,29): error TS17004: Cannot use JSX unless the '--jsx' flag is provided.
app/_components/RegisterComplaint.tsx(149,29): error TS17004: Cannot use JSX unless the '--jsx' flag is provided.
app/_components/RegisterComplaint.tsx(154,33): error TS17004: Cannot use JSX unless the '--jsx' flag is provided.
app/_components/RegisterComplaint.tsx(155,33): error TS17004: Cannot use JSX unless the '--jsx' flag is provided.
app/_components/RegisterComplaint.tsx(156,33): error TS17004: Cannot use JSX unless the '--jsx' flag is provided.
app/_components/RegisterComplaint.tsx(157,33): error TS17004: Cannot use JSX unless the '--jsx' flag is provided.
app/_components/RegisterComplaint.tsx(158,33): error TS17004: Cannot use JSX unless the '--jsx' flag is provided.
app/_components/RegisterComplaint.tsx(164,21): error TS17004: Cannot use JSX unless the '--jsx' flag is provided.
app/_components/RegisterComplaint.tsx(165,25): error TS17004: Cannot use JSX unless the '--jsx' flag is provided.
app/_components/RegisterComplaint.tsx(168,25): error TS17004: Cannot use JSX unless the '--jsx' flag is provided.
app/_components/RegisterComplaint.tsx(175,33): error TS17004: Cannot use JSX unless the '--jsx' flag is provided.
app/_components/RegisterComplaint.tsx(177,33): error TS17004: Cannot use JSX unless the '--jsx' flag is provided.
app/_components/RegisterComplaint.tsx(178,37): error TS17004: Cannot use JSX unless the '--jsx' flag is provided.
app/_components/RegisterComplaint.tsx(180,41): error TS17004: Cannot use JSX unless the '--jsx' flag is provided.
app/_components/RegisterComplaint.tsx(186,29): error TS17004: Cannot use JSX unless the '--jsx' flag is provided.
app/_components/RegisterComplaint.tsx(193,21): error TS17004: Cannot use JSX unless the '--jsx' flag is provided.
app/_components/RegisterComplaint.tsx(194,25): error TS17004: Cannot use JSX unless the '--jsx' flag is provided.
app/_components/RegisterComplaint.tsx(197,25): error TS17004: Cannot use JSX unless the '--jsx' flag is provided.
app/_components/RegisterComplaint.tsx(206,21): error TS17004: Cannot use JSX unless the '--jsx' flag is provided.
app/_components/RegisterComplaint.tsx(207,25): error TS17004: Cannot use JSX unless the '--jsx' flag is provided.
app/_components/RegisterComplaint.tsx(210,25): error TS17004: Cannot use JSX unless the '--jsx' flag is provided.
app/_components/RegisterComplaint.tsx(219,21): error TS17004: Cannot use JSX unless the '--jsx' flag is provided.
app/_components/RegisterComplaint.tsx(220,25): error TS17004: Cannot use JSX unless the '--jsx' flag is provided.
app/_components/RegisterComplaint.tsx(223,25): error TS17004: Cannot use JSX unless the '--jsx' flag is provided.
app/_components/RegisterComplaint.tsx(232,21): error TS17004: Cannot use JSX unless the '--jsx' flag is provided.
app/_components/RegisterComplaint.tsx(233,25): error TS17004: Cannot use JSX unless the '--jsx' flag is provided.
app/_components/RegisterComplaint.tsx(236,25): error TS17004: Cannot use JSX unless the '--jsx' flag is provided.
app/_components/RegisterComplaint.tsx(245,21): error TS17004: Cannot use JSX unless the '--jsx' flag is provided.
app/_components/RegisterComplaint.tsx(246,25): error TS17004: Cannot use JSX unless the '--jsx' flag is provided.
app/_components/RegisterComplaint.tsx(249,25): error TS17004: Cannot use JSX unless the '--jsx' flag is provided.
app/_components/RegisterComplaint.tsx(258,21): error TS17004: Cannot use JSX unless the '--jsx' flag is provided.
app/_components/RegisterComplaint.tsx(259,25): error TS17004: Cannot use JSX unless the '--jsx' flag is provided.
app/_components/RegisterComplaint.tsx(262,25): error TS17004: Cannot use JSX unless the '--jsx' flag is provided.
app/_components/RegisterComplaint.tsx(263,29): error TS17004: Cannot use JSX unless the '--jsx' flag is provided.
app/_components/RegisterComplaint.tsx(264,33): error TS17004: Cannot use JSX unless the '--jsx' flag is provided.
app/_components/RegisterComplaint.tsx(266,29): error TS17004: Cannot use JSX unless the '--jsx' flag is provided.
app/_components/RegisterComplaint.tsx(275,21): error TS17004: Cannot use JSX unless the '--jsx' flag is provided.
app/_components/RegisterComplaint.tsx(276,25): error TS17004: Cannot use JSX unless the '--jsx' flag is provided.
app/_components/RegisterComplaint.tsx(279,25): error TS17004: Cannot use JSX unless the '--jsx' flag is provided.
app/_components/RegisterComplaint.tsx(289,21): error TS17004: Cannot use JSX unless the '--jsx' flag is provided.
app/_components/RegisterComplaint.tsx(290,25): error TS17004: Cannot use JSX unless the '--jsx' flag is provided.
app/_components/RegisterComplaint.tsx(291,29): error TS17004: Cannot use JSX unless the '--jsx' flag is provided.
app/_components/RegisterComplaint.tsx(292,33): error TS17004: Cannot use JSX unless the '--jsx' flag is provided.
app/_components/RegisterComplaint.tsx(295,29): error TS17004: Cannot use JSX unless the '--jsx' flag is provided.
app/_components/RegisterComplaint.tsx(300,25): error TS17004: Cannot use JSX unless the '--jsx' flag is provided.
app/_components/RegisterComplaint.tsx(301,29): error TS17004: Cannot use JSX unless the '--jsx' flag is provided.
app/_components/RegisterComplaint.tsx(306,33): error TS17004: Cannot use JSX unless the '--jsx' flag is provided.
app/_components/RegisterComplaint.tsx(309,29): error TS17004: Cannot use JSX unless the '--jsx' flag is provided.
app/_components/RegisterComplaint.tsx(320,29): error TS17004: Cannot use JSX unless the '--jsx' flag is provided.
app/_components/RegisterComplaint.tsx(322,37): error TS17004: Cannot use JSX unless the '--jsx' flag is provided.
app/_components/RegisterComplaint.tsx(323,41): error TS17004: Cannot use JSX unless the '--jsx' flag is provided.
app/_components/RegisterComplaint.tsx(324,80): error TS17004: Cannot use JSX unless the '--jsx' flag is provided.
app/_components/RegisterComplaint.tsx(324,111): error TS17004: Cannot use JSX unless the '--jsx' flag is provided.
app/_components/RegisterComplaint.tsx(326,41): error TS17004: Cannot use JSX unless the '--jsx' flag is provided.
app/_components/RegisterComplaint.tsx(327,45): error TS17004: Cannot use JSX unless the '--jsx' flag is provided.
app/_components/RegisterComplaint.tsx(328,45): error TS17004: Cannot use JSX unless the '--jsx' flag is provided.
app/_components/RegisterComplaint.tsx(330,41): error TS17004: Cannot use JSX unless the '--jsx' flag is provided.
app/_components/RegisterComplaint.tsx(334,45): error TS17004: Cannot use JSX unless the '--jsx' flag is provided.
app/_components/RegisterComplaint.tsx(342,21): error TS17004: Cannot use JSX unless the '--jsx' flag is provided.
app/_components/RegisterComplaint.tsx(343,25): error TS17004: Cannot use JSX unless the '--jsx' flag is provided.
app/_components/RegisterComplaint.tsx(344,29): error TS17004: Cannot use JSX unless the '--jsx' flag is provided.
app/_components/RegisterComplaint.tsx(347,29): error TS17004: Cannot use JSX unless the '--jsx' flag is provided.
app/_components/RegisterComplaint.tsx(351,25): error TS17004: Cannot use JSX unless the '--jsx' flag is provided.
app/_components/RegisterComplaint.tsx(358,33): error TS17004: Cannot use JSX unless the '--jsx' flag is provided.
app/_components/RegisterComplaint.tsx(359,37): error TS17004: Cannot use JSX unless the '--jsx' flag is provided.
app/_components/RegisterComplaint.tsx(363,33): error TS17004: Cannot use JSX unless the '--jsx' flag is provided.
app/_components/RegisterComplaint.tsx(364,37): error TS17004: Cannot use JSX unless the '--jsx' flag is provided.
app/_components/RegisterComplaint.tsx(365,37): error TS17004: Cannot use JSX unless the '--jsx' flag is provided.
app/_components/RegisterComplaint.tsx(375,17): error TS17004: Cannot use JSX unless the '--jsx' flag is provided.
app/_components/RegisterComplaint.tsx(376,21): error TS17004: Cannot use JSX unless the '--jsx' flag is provided.
app/_components/RegisterComplaint.tsx(377,25): error TS17004: Cannot use JSX unless the '--jsx' flag is provided.
app/_components/RegisterComplaint.tsx(378,29): error TS17004: Cannot use JSX unless the '--jsx' flag is provided.
app/_components/RegisterComplaint.tsx(379,33): error TS17004: Cannot use JSX unless the '--jsx' flag is provided.
app/_components/RegisterComplaint.tsx(381,29): error TS17004: Cannot use JSX unless the '--jsx' flag is provided.
app/_components/RegisterComplaint.tsx(384,29): error TS17004: Cannot use JSX unless the '--jsx' flag is provided.
app/_components/RegisterComplaint.tsx(388,29): error TS17004: Cannot use JSX unless the '--jsx' flag is provided.
app/_components/RegisterComplaint.tsx(389,33): error TS17004: Cannot use JSX unless the '--jsx' flag is provided.
app/_components/RegisterComplaint.tsx(392,33): error TS17004: Cannot use JSX unless the '--jsx' flag is provided.
app/_components/RegisterComplaint.tsx(393,37): error TS17004: Cannot use JSX unless the '--jsx' flag is provided.
app/_components/RegisterComplaint.tsx(396,37): error TS17004: Cannot use JSX unless the '--jsx' flag is provided.
app/_components/RegisterComplaint.tsx(403,41): error TS17004: Cannot use JSX unless the '--jsx' flag is provided.
app/_components/RegisterComplaint.tsx(408,29): error TS17004: Cannot use JSX unless the '--jsx' flag is provided.
app/no-login-complaint/page.tsx(111,9): error TS17004: Cannot use JSX unless the '--jsx' flag is provided.
app/no-login-complaint/page.tsx(113,13): error TS17004: Cannot use JSX unless the '--jsx' flag is provided.
app/no-login-complaint/page.tsx(115,17): error TS17004: Cannot use JSX unless the '--jsx' flag is provided.
app/no-login-complaint/page.tsx(116,21): error TS17004: Cannot use JSX unless the '--jsx' flag is provided.
app/no-login-complaint/page.tsx(117,25): error TS17004: Cannot use JSX unless the '--jsx' flag is provided.
app/no-login-complaint/page.tsx(121,29): error TS17004: Cannot use JSX unless the '--jsx' flag is provided.
app/no-login-complaint/page.tsx(123,25): error TS17004: Cannot use JSX unless the '--jsx' flag is provided.
app/no-login-complaint/page.tsx(124,29): error TS17004: Cannot use JSX unless the '--jsx' flag is provided.
app/no-login-complaint/page.tsx(125,33): error TS17004: Cannot use JSX unless the '--jsx' flag is provided.
app/no-login-complaint/page.tsx(128,29): error TS17004: Cannot use JSX unless the '--jsx' flag is provided.
app/no-login-complaint/page.tsx(133,25): error TS17004: Cannot use JSX unless the '--jsx' flag is provided.
app/no-login-complaint/page.tsx(140,17): error TS17004: Cannot use JSX unless the '--jsx' flag is provided.
app/no-login-complaint/page.tsx(141,21): error TS17004: Cannot use JSX unless the '--jsx' flag is provided.
app/no-login-complaint/page.tsx(142,25): error TS17004: Cannot use JSX unless the '--jsx' flag is provided.
app/no-login-complaint/page.tsx(144,21): error TS17004: Cannot use JSX unless the '--jsx' flag is provided.
app/no-login-complaint/page.tsx(145,25): error TS17004: Cannot use JSX unless the '--jsx' flag is provided.
app/no-login-complaint/page.tsx(146,25): error TS17004: Cannot use JSX unless the '--jsx' flag is provided.
app/no-login-complaint/page.tsx(153,17): error TS17004: Cannot use JSX unless the '--jsx' flag is provided.
app/no-login-complaint/page.tsx(154,21): error TS17004: Cannot use JSX unless the '--jsx' flag is provided.
app/no-login-complaint/page.tsx(155,25): error TS17004: Cannot use JSX unless the '--jsx' flag is provided.
app/no-login-complaint/page.tsx(156,29): error TS17004: Cannot use JSX unless the '--jsx' flag is provided.
app/no-login-complaint/page.tsx(157,33): error TS17004: Cannot use JSX unless the '--jsx' flag is provided.
app/no-login-complaint/page.tsx(159,29): error TS17004: Cannot use JSX unless the '--jsx' flag is provided.
app/no-login-complaint/page.tsx(160,33): error TS17004: Cannot use JSX unless the '--jsx' flag is provided.
app/no-login-complaint/page.tsx(163,33): error TS17004: Cannot use JSX unless the '--jsx' flag is provided.
app/no-login-complaint/page.tsx(170,21): error TS17004: Cannot use JSX unless the '--jsx' flag is provided.
app/no-login-complaint/page.tsx(171,25): error TS17004: Cannot use JSX unless the '--jsx' flag is provided.
app/no-login-complaint/page.tsx(173,29): error TS17004: Cannot use JSX unless the '--jsx' flag is provided.
app/no-login-complaint/page.tsx(174,33): error TS17004: Cannot use JSX unless the '--jsx' flag is provided.
app/no-login-complaint/page.tsx(177,33): error TS17004: Cannot use JSX unless the '--jsx' flag is provided.
app/no-login-complaint/page.tsx(182,37): error TS17004: Cannot use JSX unless the '--jsx' flag is provided.
app/no-login-complaint/page.tsx(183,37): error TS17004: Cannot use JSX unless the '--jsx' flag is provided.
app/no-login-complaint/page.tsx(184,37): error TS17004: Cannot use JSX unless the '--jsx' flag is provided.
app/no-login-complaint/page.tsx(185,37): error TS17004: Cannot use JSX unless the '--jsx' flag is provided.
app/no-login-complaint/page.tsx(186,37): error TS17004: Cannot use JSX unless the '--jsx' flag is provided.
app/no-login-complaint/page.tsx(191,29): error TS17004: Cannot use JSX unless the '--jsx' flag is provided.
app/no-login-complaint/page.tsx(192,33): error TS17004: Cannot use JSX unless the '--jsx' flag is provided.
app/no-login-complaint/page.tsx(195,33): error TS17004: Cannot use JSX unless the '--jsx' flag is provided.
app/no-login-complaint/page.tsx(200,37): error TS17004: Cannot use JSX unless the '--jsx' flag is provided.
app/no-login-complaint/page.tsx(202,41): error TS17004: Cannot use JSX unless the '--jsx' flag is provided.
app/no-login-complaint/page.tsx(208,29): error TS17004: Cannot use JSX unless the '--jsx' flag is provided.
app/no-login-complaint/page.tsx(209,33): error TS17004: Cannot use JSX unless the '--jsx' flag is provided.
app/no-login-complaint/page.tsx(212,33): error TS17004: Cannot use JSX unless the '--jsx' flag is provided.
app/no-login-complaint/page.tsx(221,29): error TS17004: Cannot use JSX unless the '--jsx' flag is provided.
app/no-login-complaint/page.tsx(222,33): error TS17004: Cannot use JSX unless the '--jsx' flag is provided.
app/no-login-complaint/page.tsx(225,33): error TS17004: Cannot use JSX unless the '--jsx' flag is provided.
app/no-login-complaint/page.tsx(226,37): error TS17004: Cannot use JSX unless the '--jsx' flag is provided.
app/no-login-complaint/page.tsx(227,41): error TS17004: Cannot use JSX unless the '--jsx' flag is provided.
app/no-login-complaint/page.tsx(229,37): error TS17004: Cannot use JSX unless the '--jsx' flag is provided.
app/no-login-complaint/page.tsx(239,29): error TS17004: Cannot use JSX unless the '--jsx' flag is provided.
app/no-login-complaint/page.tsx(240,33): error TS17004: Cannot use JSX unless the '--jsx' flag is provided.
app/no-login-complaint/page.tsx(243,33): error TS17004: Cannot use JSX unless the '--jsx' flag is provided.
app/no-login-complaint/page.tsx(252,29): error TS17004: Cannot use JSX unless the '--jsx' flag is provided.
app/no-login-complaint/page.tsx(253,33): error TS17004: Cannot use JSX unless the '--jsx' flag is provided.
app/no-login-complaint/page.tsx(256,33): error TS17004: Cannot use JSX unless the '--jsx' flag is provided.
app/no-login-complaint/page.tsx(265,29): error TS17004: Cannot use JSX unless the '--jsx' flag is provided.
app/no-login-complaint/page.tsx(266,33): error TS17004: Cannot use JSX unless the '--jsx' flag is provided.
app/no-login-complaint/page.tsx(269,33): error TS17004: Cannot use JSX unless the '--jsx' flag is provided.
app/no-login-complaint/page.tsx(278,29): error TS17004: Cannot use JSX unless the '--jsx' flag is provided.
app/no-login-complaint/page.tsx(279,33): error TS17004: Cannot use JSX unless the '--jsx' flag is provided.
app/no-login-complaint/page.tsx(282,33): error TS17004: Cannot use JSX unless the '--jsx' flag is provided.
app/no-login-complaint/page.tsx(293,29): error TS17004: Cannot use JSX unless the '--jsx' flag is provided.
app/no-login-complaint/page.tsx(294,33): error TS17004: Cannot use JSX unless the '--jsx' flag is provided.
app/no-login-complaint/page.tsx(295,37): error TS17004: Cannot use JSX unless the '--jsx' flag is provided.
app/no-login-complaint/page.tsx(296,41): error TS17004: Cannot use JSX unless the '--jsx' flag is provided.
app/no-login-complaint/page.tsx(301,33): error TS17004: Cannot use JSX unless the '--jsx' flag is provided.
app/no-login-complaint/page.tsx(302,37): error TS17004: Cannot use JSX unless the '--jsx' flag is provided.
app/no-login-complaint/page.tsx(307,41): error TS17004: Cannot use JSX unless the '--jsx' flag is provided.
app/no-login-complaint/page.tsx(310,37): error TS17004: Cannot use JSX unless the '--jsx' flag is provided.
app/no-login-complaint/page.tsx(314,37): error TS17004: Cannot use JSX unless the '--jsx' flag is provided.
app/no-login-complaint/page.tsx(316,45): error TS17004: Cannot use JSX unless the '--jsx' flag is provided.
app/no-login-complaint/page.tsx(317,49): error TS17004: Cannot use JSX unless the '--jsx' flag is provided.
app/no-login-complaint/page.tsx(318,88): error TS17004: Cannot use JSX unless the '--jsx' flag is provided.
app/no-login-complaint/page.tsx(318,119): error TS17004: Cannot use JSX unless the '--jsx' flag is provided.
app/no-login-complaint/page.tsx(320,49): error TS17004: Cannot use JSX unless the '--jsx' flag is provided.
app/no-login-complaint/page.tsx(321,53): error TS17004: Cannot use JSX unless the '--jsx' flag is provided.
app/no-login-complaint/page.tsx(323,49): error TS17004: Cannot use JSX unless the '--jsx' flag is provided.
app/no-login-complaint/page.tsx(323,141): error TS17004: Cannot use JSX unless the '--jsx' flag is provided.
app/no-login-complaint/page.tsx(331,29): error TS17004: Cannot use JSX unless the '--jsx' flag is provided.
app/no-login-complaint/page.tsx(332,33): error TS17004: Cannot use JSX unless the '--jsx' flag is provided.
app/no-login-complaint/page.tsx(335,33): error TS17004: Cannot use JSX unless the '--jsx' flag is provided.
app/no-login-complaint/page.tsx(342,37): error TS17004: Cannot use JSX unless the '--jsx' flag is provided.
app/no-login-complaint/page.tsx(349,17): error TS17004: Cannot use JSX unless the '--jsx' flag is provided.
app/no-login-complaint/page.tsx(356,17): error TS17004: Cannot use JSX unless the '--jsx' flag is provided.
app/no-login-complaint/page.tsx(357,21): error TS17004: Cannot use JSX unless the '--jsx' flag is provided.
app/no-login-complaint/page.tsx(358,25): error TS17004: Cannot use JSX unless the '--jsx' flag is provided.
app/no-login-complaint/page.tsx(359,29): error TS17004: Cannot use JSX unless the '--jsx' flag is provided.
app/no-login-complaint/page.tsx(360,33): error TS17004: Cannot use JSX unless the '--jsx' flag is provided.
app/no-login-complaint/page.tsx(362,29): error TS17004: Cannot use JSX unless the '--jsx' flag is provided.
app/no-login-complaint/page.tsx(365,29): error TS17004: Cannot use JSX unless the '--jsx' flag is provided.
app/no-login-complaint/page.tsx(369,29): error TS17004: Cannot use JSX unless the '--jsx' flag is provided.
app/no-login-complaint/page.tsx(370,33): error TS17004: Cannot use JSX unless the '--jsx' flag is provided.
app/no-login-complaint/page.tsx(373,33): error TS17004: Cannot use JSX unless the '--jsx' flag is provided.
app/no-login-complaint/page.tsx(374,37): error TS17004: Cannot use JSX unless the '--jsx' flag is provided.
app/no-login-complaint/page.tsx(377,37): error TS17004: Cannot use JSX unless the '--jsx' flag is provided.
app/no-login-complaint/page.tsx(384,41): error TS17004: Cannot use JSX unless the '--jsx' flag is provided.
app/no-login-complaint/page.tsx(389,29): error TS17004: Cannot use JSX unless the '--jsx' flag is provided.
